------------------------------------------------------------
Timing Analyzer Summary
------------------------------------------------------------

Type  : Slow 1200mV 85C Model Setup 'MAX10_CLK1_50'
Slack : -7.217
TNS   : -150.823

Type  : Slow 1200mV 85C Model Setup 'sdram_controller|sdram_pll0_inst|altpll_component|auto_generated|pll1|clk[0]'
Slack : 6.253
TNS   : 0.000

Type  : Slow 1200mV 85C Model Setup 'pll|altpll_component|auto_generated|pll1|clk[0]'
Slack : 10.944
TNS   : 0.000

Type  : Slow 1200mV 85C Model Setup 'clk_dram_ext'
Slack : 13.056
TNS   : 0.000

Type  : Slow 1200mV 85C Model Setup 'clk_vga_ext'
Slack : 33.744
TNS   : 0.000

Type  : Slow 1200mV 85C Model Setup 'altera_reserved_tck'
Slack : 41.942
TNS   : 0.000

Type  : Slow 1200mV 85C Model Hold 'MAX10_CLK1_50'
Slack : 0.239
TNS   : 0.000

Type  : Slow 1200mV 85C Model Hold 'sdram_controller|sdram_pll0_inst|altpll_component|auto_generated|pll1|clk[0]'
Slack : 0.242
TNS   : 0.000

Type  : Slow 1200mV 85C Model Hold 'altera_reserved_tck'
Slack : 0.339
TNS   : 0.000

Type  : Slow 1200mV 85C Model Hold 'pll|altpll_component|auto_generated|pll1|clk[0]'
Slack : 0.341
TNS   : 0.000

Type  : Slow 1200mV 85C Model Hold 'clk_vga_ext'
Slack : 0.642
TNS   : 0.000

Type  : Slow 1200mV 85C Model Hold 'clk_dram_ext'
Slack : 2.220
TNS   : 0.000

Type  : Slow 1200mV 85C Model Recovery 'sdram_controller|sdram_pll0_inst|altpll_component|auto_generated|pll1|clk[0]'
Slack : 9.056
TNS   : 0.000

Type  : Slow 1200mV 85C Model Recovery 'pll|altpll_component|auto_generated|pll1|clk[0]'
Slack : 9.338
TNS   : 0.000

Type  : Slow 1200mV 85C Model Recovery 'MAX10_CLK1_50'
Slack : 14.254
TNS   : 0.000

Type  : Slow 1200mV 85C Model Recovery 'altera_reserved_tck'
Slack : 47.810
TNS   : 0.000

Type  : Slow 1200mV 85C Model Removal 'altera_reserved_tck'
Slack : 0.904
TNS   : 0.000

Type  : Slow 1200mV 85C Model Removal 'MAX10_CLK1_50'
Slack : 1.456
TNS   : 0.000

Type  : Slow 1200mV 85C Model Removal 'pll|altpll_component|auto_generated|pll1|clk[0]'
Slack : 7.736
TNS   : 0.000

Type  : Slow 1200mV 85C Model Removal 'sdram_controller|sdram_pll0_inst|altpll_component|auto_generated|pll1|clk[0]'
Slack : 7.983
TNS   : 0.000

Type  : Slow 1200mV 85C Model Minimum Pulse Width 'MAX10_CLK1_50'
Slack : 9.539
TNS   : 0.000

Type  : Slow 1200mV 85C Model Minimum Pulse Width 'sdram_controller|sdram_pll0_inst|altpll_component|auto_generated|pll1|clk[0]'
Slack : 9.682
TNS   : 0.000

Type  : Slow 1200mV 85C Model Minimum Pulse Width 'pll|altpll_component|auto_generated|pll1|clk[0]'
Slack : 9.687
TNS   : 0.000

Type  : Slow 1200mV 85C Model Minimum Pulse Width 'sdram_controller|sdram_pll0_inst|altpll_component|auto_generated|pll1|clk[1]'
Slack : 9.849
TNS   : 0.000

Type  : Slow 1200mV 85C Model Minimum Pulse Width 'MAX10_CLK2_50'
Slack : 9.887
TNS   : 0.000

Type  : Slow 1200mV 85C Model Minimum Pulse Width 'clk_dram_ext'
Slack : 15.790
TNS   : 0.000

Type  : Slow 1200mV 85C Model Minimum Pulse Width 'clk_vga_ext'
Slack : 19.721
TNS   : 0.000

Type  : Slow 1200mV 85C Model Minimum Pulse Width 'altera_reserved_tck'
Slack : 49.537
TNS   : 0.000

Type  : Slow 1200mV 0C Model Setup 'MAX10_CLK1_50'
Slack : -4.816
TNS   : -93.618

Type  : Slow 1200mV 0C Model Setup 'sdram_controller|sdram_pll0_inst|altpll_component|auto_generated|pll1|clk[0]'
Slack : 6.990
TNS   : 0.000

Type  : Slow 1200mV 0C Model Setup 'pll|altpll_component|auto_generated|pll1|clk[0]'
Slack : 11.877
TNS   : 0.000

Type  : Slow 1200mV 0C Model Setup 'clk_dram_ext'
Slack : 13.485
TNS   : 0.000

Type  : Slow 1200mV 0C Model Setup 'clk_vga_ext'
Slack : 34.302
TNS   : 0.000

Type  : Slow 1200mV 0C Model Setup 'altera_reserved_tck'
Slack : 42.450
TNS   : 0.000

Type  : Slow 1200mV 0C Model Hold 'MAX10_CLK1_50'
Slack : 0.227
TNS   : 0.000

Type  : Slow 1200mV 0C Model Hold 'sdram_controller|sdram_pll0_inst|altpll_component|auto_generated|pll1|clk[0]'
Slack : 0.236
TNS   : 0.000

Type  : Slow 1200mV 0C Model Hold 'altera_reserved_tck'
Slack : 0.304
TNS   : 0.000

Type  : Slow 1200mV 0C Model Hold 'pll|altpll_component|auto_generated|pll1|clk[0]'
Slack : 0.306
TNS   : 0.000

Type  : Slow 1200mV 0C Model Hold 'clk_vga_ext'
Slack : 0.596
TNS   : 0.000

Type  : Slow 1200mV 0C Model Hold 'clk_dram_ext'
Slack : 2.036
TNS   : 0.000

Type  : Slow 1200mV 0C Model Recovery 'sdram_controller|sdram_pll0_inst|altpll_component|auto_generated|pll1|clk[0]'
Slack : 10.322
TNS   : 0.000

Type  : Slow 1200mV 0C Model Recovery 'pll|altpll_component|auto_generated|pll1|clk[0]'
Slack : 10.573
TNS   : 0.000

Type  : Slow 1200mV 0C Model Recovery 'MAX10_CLK1_50'
Slack : 14.732
TNS   : 0.000

Type  : Slow 1200mV 0C Model Recovery 'altera_reserved_tck'
Slack : 47.989
TNS   : 0.000

Type  : Slow 1200mV 0C Model Removal 'altera_reserved_tck'
Slack : 0.827
TNS   : 0.000

Type  : Slow 1200mV 0C Model Removal 'MAX10_CLK1_50'
Slack : 1.321
TNS   : 0.000

Type  : Slow 1200mV 0C Model Removal 'pll|altpll_component|auto_generated|pll1|clk[0]'
Slack : 6.843
TNS   : 0.000

Type  : Slow 1200mV 0C Model Removal 'sdram_controller|sdram_pll0_inst|altpll_component|auto_generated|pll1|clk[0]'
Slack : 7.079
TNS   : 0.000

Type  : Slow 1200mV 0C Model Minimum Pulse Width 'MAX10_CLK1_50'
Slack : 9.567
TNS   : 0.000

Type  : Slow 1200mV 0C Model Minimum Pulse Width 'sdram_controller|sdram_pll0_inst|altpll_component|auto_generated|pll1|clk[0]'
Slack : 9.695
TNS   : 0.000

Type  : Slow 1200mV 0C Model Minimum Pulse Width 'pll|altpll_component|auto_generated|pll1|clk[0]'
Slack : 9.696
TNS   : 0.000

Type  : Slow 1200mV 0C Model Minimum Pulse Width 'MAX10_CLK2_50'
Slack : 9.838
TNS   : 0.000

Type  : Slow 1200mV 0C Model Minimum Pulse Width 'sdram_controller|sdram_pll0_inst|altpll_component|auto_generated|pll1|clk[1]'
Slack : 9.874
TNS   : 0.000

Type  : Slow 1200mV 0C Model Minimum Pulse Width 'clk_dram_ext'
Slack : 15.790
TNS   : 0.000

Type  : Slow 1200mV 0C Model Minimum Pulse Width 'clk_vga_ext'
Slack : 19.620
TNS   : 0.000

Type  : Slow 1200mV 0C Model Minimum Pulse Width 'altera_reserved_tck'
Slack : 49.559
TNS   : 0.000

Type  : Fast 1200mV 0C Model Setup 'MAX10_CLK1_50'
Slack : 8.868
TNS   : 0.000

Type  : Fast 1200mV 0C Model Setup 'sdram_controller|sdram_pll0_inst|altpll_component|auto_generated|pll1|clk[0]'
Slack : 10.117
TNS   : 0.000

Type  : Fast 1200mV 0C Model Setup 'clk_dram_ext'
Slack : 14.851
TNS   : 0.000

Type  : Fast 1200mV 0C Model Setup 'pll|altpll_component|auto_generated|pll1|clk[0]'
Slack : 15.753
TNS   : 0.000

Type  : Fast 1200mV 0C Model Setup 'clk_vga_ext'
Slack : 37.133
TNS   : 0.000

Type  : Fast 1200mV 0C Model Setup 'altera_reserved_tck'
Slack : 46.647
TNS   : 0.000

Type  : Fast 1200mV 0C Model Hold 'MAX10_CLK1_50'
Slack : 0.092
TNS   : 0.000

Type  : Fast 1200mV 0C Model Hold 'sdram_controller|sdram_pll0_inst|altpll_component|auto_generated|pll1|clk[0]'
Slack : 0.093
TNS   : 0.000

Type  : Fast 1200mV 0C Model Hold 'altera_reserved_tck'
Slack : 0.147
TNS   : 0.000

Type  : Fast 1200mV 0C Model Hold 'pll|altpll_component|auto_generated|pll1|clk[0]'
Slack : 0.148
TNS   : 0.000

Type  : Fast 1200mV 0C Model Hold 'clk_vga_ext'
Slack : 0.249
TNS   : 0.000

Type  : Fast 1200mV 0C Model Hold 'clk_dram_ext'
Slack : 0.590
TNS   : 0.000

Type  : Fast 1200mV 0C Model Recovery 'sdram_controller|sdram_pll0_inst|altpll_component|auto_generated|pll1|clk[0]'
Slack : 14.623
TNS   : 0.000

Type  : Fast 1200mV 0C Model Recovery 'pll|altpll_component|auto_generated|pll1|clk[0]'
Slack : 14.725
TNS   : 0.000

Type  : Fast 1200mV 0C Model Recovery 'MAX10_CLK1_50'
Slack : 17.135
TNS   : 0.000

Type  : Fast 1200mV 0C Model Recovery 'altera_reserved_tck'
Slack : 49.246
TNS   : 0.000

Type  : Fast 1200mV 0C Model Removal 'altera_reserved_tck'
Slack : 0.404
TNS   : 0.000

Type  : Fast 1200mV 0C Model Removal 'MAX10_CLK1_50'
Slack : 0.620
TNS   : 0.000

Type  : Fast 1200mV 0C Model Removal 'pll|altpll_component|auto_generated|pll1|clk[0]'
Slack : 3.581
TNS   : 0.000

Type  : Fast 1200mV 0C Model Removal 'sdram_controller|sdram_pll0_inst|altpll_component|auto_generated|pll1|clk[0]'
Slack : 3.648
TNS   : 0.000

Type  : Fast 1200mV 0C Model Minimum Pulse Width 'MAX10_CLK1_50'
Slack : 9.399
TNS   : 0.000

Type  : Fast 1200mV 0C Model Minimum Pulse Width 'MAX10_CLK2_50'
Slack : 9.666
TNS   : 0.000

Type  : Fast 1200mV 0C Model Minimum Pulse Width 'pll|altpll_component|auto_generated|pll1|clk[0]'
Slack : 9.716
TNS   : 0.000

Type  : Fast 1200mV 0C Model Minimum Pulse Width 'sdram_controller|sdram_pll0_inst|altpll_component|auto_generated|pll1|clk[0]'
Slack : 9.716
TNS   : 0.000

Type  : Fast 1200mV 0C Model Minimum Pulse Width 'sdram_controller|sdram_pll0_inst|altpll_component|auto_generated|pll1|clk[1]'
Slack : 9.957
TNS   : 0.000

Type  : Fast 1200mV 0C Model Minimum Pulse Width 'clk_dram_ext'
Slack : 16.000
TNS   : 0.000

Type  : Fast 1200mV 0C Model Minimum Pulse Width 'clk_vga_ext'
Slack : 19.649
TNS   : 0.000

Type  : Fast 1200mV 0C Model Minimum Pulse Width 'altera_reserved_tck'
Slack : 49.383
TNS   : 0.000

------------------------------------------------------------
