------------------------------------------------------------
Timing Analyzer Summary
------------------------------------------------------------

Type  : Slow 1200mV 85C Model Setup 'MAX10_CLK1_50'
Slack : -4.451
TNS   : -165.522

Type  : Slow 1200mV 85C Model Setup 'sdram_controller|sdram_pll0_inst|altpll_component|auto_generated|pll1|clk[0]'
Slack : 6.260
TNS   : 0.000

Type  : Slow 1200mV 85C Model Setup 'pll|altpll_component|auto_generated|pll1|clk[0]'
Slack : 11.201
TNS   : 0.000

Type  : Slow 1200mV 85C Model Setup 'clk_dram_ext'
Slack : 13.182
TNS   : 0.000

Type  : Slow 1200mV 85C Model Setup 'clk_vga_ext'
Slack : 31.837
TNS   : 0.000

Type  : Slow 1200mV 85C Model Setup 'altera_reserved_tck'
Slack : 42.205
TNS   : 0.000

Type  : Slow 1200mV 85C Model Hold 'MAX10_CLK1_50'
Slack : 0.231
TNS   : 0.000

Type  : Slow 1200mV 85C Model Hold 'sdram_controller|sdram_pll0_inst|altpll_component|auto_generated|pll1|clk[0]'
Slack : 0.273
TNS   : 0.000

Type  : Slow 1200mV 85C Model Hold 'pll|altpll_component|auto_generated|pll1|clk[0]'
Slack : 0.341
TNS   : 0.000

Type  : Slow 1200mV 85C Model Hold 'altera_reserved_tck'
Slack : 0.342
TNS   : 0.000

Type  : Slow 1200mV 85C Model Hold 'clk_vga_ext'
Slack : 0.640
TNS   : 0.000

Type  : Slow 1200mV 85C Model Hold 'clk_dram_ext'
Slack : 2.218
TNS   : 0.000

Type  : Slow 1200mV 85C Model Recovery 'sdram_controller|sdram_pll0_inst|altpll_component|auto_generated|pll1|clk[0]'
Slack : 9.113
TNS   : 0.000

Type  : Slow 1200mV 85C Model Recovery 'pll|altpll_component|auto_generated|pll1|clk[0]'
Slack : 9.548
TNS   : 0.000

Type  : Slow 1200mV 85C Model Recovery 'MAX10_CLK1_50'
Slack : 14.713
TNS   : 0.000

Type  : Slow 1200mV 85C Model Recovery 'altera_reserved_tck'
Slack : 46.682
TNS   : 0.000

Type  : Slow 1200mV 85C Model Removal 'MAX10_CLK1_50'
Slack : 0.965
TNS   : 0.000

Type  : Slow 1200mV 85C Model Removal 'altera_reserved_tck'
Slack : 1.319
TNS   : 0.000

Type  : Slow 1200mV 85C Model Removal 'sdram_controller|sdram_pll0_inst|altpll_component|auto_generated|pll1|clk[0]'
Slack : 7.306
TNS   : 0.000

Type  : Slow 1200mV 85C Model Removal 'pll|altpll_component|auto_generated|pll1|clk[0]'
Slack : 7.955
TNS   : 0.000

Type  : Slow 1200mV 85C Model Minimum Pulse Width 'MAX10_CLK1_50'
Slack : 9.543
TNS   : 0.000

Type  : Slow 1200mV 85C Model Minimum Pulse Width 'sdram_controller|sdram_pll0_inst|altpll_component|auto_generated|pll1|clk[0]'
Slack : 9.682
TNS   : 0.000

Type  : Slow 1200mV 85C Model Minimum Pulse Width 'pll|altpll_component|auto_generated|pll1|clk[0]'
Slack : 9.686
TNS   : 0.000

Type  : Slow 1200mV 85C Model Minimum Pulse Width 'sdram_controller|sdram_pll0_inst|altpll_component|auto_generated|pll1|clk[1]'
Slack : 9.849
TNS   : 0.000

Type  : Slow 1200mV 85C Model Minimum Pulse Width 'MAX10_CLK2_50'
Slack : 9.887
TNS   : 0.000

Type  : Slow 1200mV 85C Model Minimum Pulse Width 'clk_dram_ext'
Slack : 15.790
TNS   : 0.000

Type  : Slow 1200mV 85C Model Minimum Pulse Width 'clk_vga_ext'
Slack : 19.735
TNS   : 0.000

Type  : Slow 1200mV 85C Model Minimum Pulse Width 'altera_reserved_tck'
Slack : 49.532
TNS   : 0.000

Type  : Slow 1200mV 0C Model Setup 'MAX10_CLK1_50'
Slack : -2.299
TNS   : -68.419

Type  : Slow 1200mV 0C Model Setup 'sdram_controller|sdram_pll0_inst|altpll_component|auto_generated|pll1|clk[0]'
Slack : 6.996
TNS   : 0.000

Type  : Slow 1200mV 0C Model Setup 'pll|altpll_component|auto_generated|pll1|clk[0]'
Slack : 12.197
TNS   : 0.000

Type  : Slow 1200mV 0C Model Setup 'clk_dram_ext'
Slack : 13.589
TNS   : 0.000

Type  : Slow 1200mV 0C Model Setup 'clk_vga_ext'
Slack : 32.561
TNS   : 0.000

Type  : Slow 1200mV 0C Model Setup 'altera_reserved_tck'
Slack : 42.842
TNS   : 0.000

Type  : Slow 1200mV 0C Model Hold 'MAX10_CLK1_50'
Slack : 0.230
TNS   : 0.000

Type  : Slow 1200mV 0C Model Hold 'sdram_controller|sdram_pll0_inst|altpll_component|auto_generated|pll1|clk[0]'
Slack : 0.272
TNS   : 0.000

Type  : Slow 1200mV 0C Model Hold 'altera_reserved_tck'
Slack : 0.306
TNS   : 0.000

Type  : Slow 1200mV 0C Model Hold 'pll|altpll_component|auto_generated|pll1|clk[0]'
Slack : 0.307
TNS   : 0.000

Type  : Slow 1200mV 0C Model Hold 'clk_vga_ext'
Slack : 0.592
TNS   : 0.000

Type  : Slow 1200mV 0C Model Hold 'clk_dram_ext'
Slack : 2.011
TNS   : 0.000

Type  : Slow 1200mV 0C Model Recovery 'sdram_controller|sdram_pll0_inst|altpll_component|auto_generated|pll1|clk[0]'
Slack : 10.281
TNS   : 0.000

Type  : Slow 1200mV 0C Model Recovery 'pll|altpll_component|auto_generated|pll1|clk[0]'
Slack : 10.670
TNS   : 0.000

Type  : Slow 1200mV 0C Model Recovery 'MAX10_CLK1_50'
Slack : 15.137
TNS   : 0.000

Type  : Slow 1200mV 0C Model Recovery 'altera_reserved_tck'
Slack : 46.888
TNS   : 0.000

Type  : Slow 1200mV 0C Model Removal 'MAX10_CLK1_50'
Slack : 0.890
TNS   : 0.000

Type  : Slow 1200mV 0C Model Removal 'altera_reserved_tck'
Slack : 1.224
TNS   : 0.000

Type  : Slow 1200mV 0C Model Removal 'sdram_controller|sdram_pll0_inst|altpll_component|auto_generated|pll1|clk[0]'
Slack : 6.432
TNS   : 0.000

Type  : Slow 1200mV 0C Model Removal 'pll|altpll_component|auto_generated|pll1|clk[0]'
Slack : 6.988
TNS   : 0.000

Type  : Slow 1200mV 0C Model Minimum Pulse Width 'MAX10_CLK1_50'
Slack : 9.570
TNS   : 0.000

Type  : Slow 1200mV 0C Model Minimum Pulse Width 'sdram_controller|sdram_pll0_inst|altpll_component|auto_generated|pll1|clk[0]'
Slack : 9.686
TNS   : 0.000

Type  : Slow 1200mV 0C Model Minimum Pulse Width 'pll|altpll_component|auto_generated|pll1|clk[0]'
Slack : 9.702
TNS   : 0.000

Type  : Slow 1200mV 0C Model Minimum Pulse Width 'MAX10_CLK2_50'
Slack : 9.838
TNS   : 0.000

Type  : Slow 1200mV 0C Model Minimum Pulse Width 'sdram_controller|sdram_pll0_inst|altpll_component|auto_generated|pll1|clk[1]'
Slack : 9.874
TNS   : 0.000

Type  : Slow 1200mV 0C Model Minimum Pulse Width 'clk_dram_ext'
Slack : 15.790
TNS   : 0.000

Type  : Slow 1200mV 0C Model Minimum Pulse Width 'clk_vga_ext'
Slack : 19.671
TNS   : 0.000

Type  : Slow 1200mV 0C Model Minimum Pulse Width 'altera_reserved_tck'
Slack : 49.553
TNS   : 0.000

Type  : Fast 1200mV 0C Model Setup 'MAX10_CLK1_50'
Slack : 10.069
TNS   : 0.000

Type  : Fast 1200mV 0C Model Setup 'sdram_controller|sdram_pll0_inst|altpll_component|auto_generated|pll1|clk[0]'
Slack : 10.127
TNS   : 0.000

Type  : Fast 1200mV 0C Model Setup 'clk_dram_ext'
Slack : 14.919
TNS   : 0.000

Type  : Fast 1200mV 0C Model Setup 'pll|altpll_component|auto_generated|pll1|clk[0]'
Slack : 15.805
TNS   : 0.000

Type  : Fast 1200mV 0C Model Setup 'clk_vga_ext'
Slack : 36.330
TNS   : 0.000

Type  : Fast 1200mV 0C Model Setup 'altera_reserved_tck'
Slack : 46.830
TNS   : 0.000

Type  : Fast 1200mV 0C Model Hold 'MAX10_CLK1_50'
Slack : 0.082
TNS   : 0.000

Type  : Fast 1200mV 0C Model Hold 'sdram_controller|sdram_pll0_inst|altpll_component|auto_generated|pll1|clk[0]'
Slack : 0.107
TNS   : 0.000

Type  : Fast 1200mV 0C Model Hold 'altera_reserved_tck'
Slack : 0.148
TNS   : 0.000

Type  : Fast 1200mV 0C Model Hold 'pll|altpll_component|auto_generated|pll1|clk[0]'
Slack : 0.149
TNS   : 0.000

Type  : Fast 1200mV 0C Model Hold 'clk_vga_ext'
Slack : 0.248
TNS   : 0.000

Type  : Fast 1200mV 0C Model Hold 'clk_dram_ext'
Slack : 0.602
TNS   : 0.000

Type  : Fast 1200mV 0C Model Recovery 'sdram_controller|sdram_pll0_inst|altpll_component|auto_generated|pll1|clk[0]'
Slack : 14.645
TNS   : 0.000

Type  : Fast 1200mV 0C Model Recovery 'pll|altpll_component|auto_generated|pll1|clk[0]'
Slack : 14.747
TNS   : 0.000

Type  : Fast 1200mV 0C Model Recovery 'MAX10_CLK1_50'
Slack : 17.383
TNS   : 0.000

Type  : Fast 1200mV 0C Model Recovery 'altera_reserved_tck'
Slack : 48.658
TNS   : 0.000

Type  : Fast 1200mV 0C Model Removal 'MAX10_CLK1_50'
Slack : 0.419
TNS   : 0.000

Type  : Fast 1200mV 0C Model Removal 'altera_reserved_tck'
Slack : 0.568
TNS   : 0.000

Type  : Fast 1200mV 0C Model Removal 'sdram_controller|sdram_pll0_inst|altpll_component|auto_generated|pll1|clk[0]'
Slack : 3.407
TNS   : 0.000

Type  : Fast 1200mV 0C Model Removal 'pll|altpll_component|auto_generated|pll1|clk[0]'
Slack : 3.688
TNS   : 0.000

Type  : Fast 1200mV 0C Model Minimum Pulse Width 'MAX10_CLK1_50'
Slack : 9.399
TNS   : 0.000

Type  : Fast 1200mV 0C Model Minimum Pulse Width 'MAX10_CLK2_50'
Slack : 9.666
TNS   : 0.000

Type  : Fast 1200mV 0C Model Minimum Pulse Width 'pll|altpll_component|auto_generated|pll1|clk[0]'
Slack : 9.715
TNS   : 0.000

Type  : Fast 1200mV 0C Model Minimum Pulse Width 'sdram_controller|sdram_pll0_inst|altpll_component|auto_generated|pll1|clk[0]'
Slack : 9.715
TNS   : 0.000

Type  : Fast 1200mV 0C Model Minimum Pulse Width 'sdram_controller|sdram_pll0_inst|altpll_component|auto_generated|pll1|clk[1]'
Slack : 9.957
TNS   : 0.000

Type  : Fast 1200mV 0C Model Minimum Pulse Width 'clk_dram_ext'
Slack : 16.000
TNS   : 0.000

Type  : Fast 1200mV 0C Model Minimum Pulse Width 'clk_vga_ext'
Slack : 19.662
TNS   : 0.000

Type  : Fast 1200mV 0C Model Minimum Pulse Width 'altera_reserved_tck'
Slack : 49.386
TNS   : 0.000

------------------------------------------------------------
